[ config   ] Capital Group updater:
              MAX_FETCHES=0
              REQUEST_SLEEP=3
              CONCURRENCY=15
              AUM=:
              CATALOG_URL=https://www.capitalgroup.com/advisor/investments/exchange-traded-funds.html
              DIVIDEND_YIELD=:
              EDGAR_FALLBACK=true
              HISTORY_PAGE_SIZE=1000
              HISTORY_RANGE=max
              HOLDINGS_PAGE_SIZE=250
              MAX_RETRIES=2
              PERFORMANCE_10Y=:
              PERFORMANCE_1Y=:
              PERFORMANCE_3Y=:
              PERFORMANCE_5Y=:
              PERFORMANCE_YTD=:
              SEC_UA=daggerok Capital Group ETF feed (https://github.com/daggerok/Capital-Group)
              SEC_YIELD=:
              SKIP_ISSUER=false
              SKIP_YAHOO=false
              STORE_RAW_DOWNLOADS=false
              TER=:
              TICKERS=CGUS,CGCP,CGMU
              TOTAL_RETURN_10Y=:
              TOTAL_RETURN_1Y=:
              TOTAL_RETURN_3Y=:
              TOTAL_RETURN_5Y=:
              TOTAL_RETURN_YTD=:
              VERBOSE=true

[ catalog  ] 25 Capital Group ETFs (Capital Group official ETF catalog HTML)
[ filter   ] 3 of 25 funds selected for evaluation (data-dependent filters applied per fund)
[  1/3   ] CGUS  unchanged history=1153 holdings=74 divs=18 netAssets=$11.9B div=0.74 sec=0.77
[  2/3   ] CGCP  unchanged history=1153 holdings=1510 divs=54 netAssets=$8.4B div=4.86 sec=5.3
[  3/3   ] CGMU  unchanged history=983 holdings=2545 divs=46 netAssets=$6.7B div=3.23 sec=3.51

[ done     ] 3 funds updated, 0 kept from previous runs, 0 failures
[ done     ] counts: 3 funds / 4,129 holdings rows / 3,289 history rows
[ cursor   ] full pass complete (cursor reset)
